<html>
<body>
<pre>
<h1>µVision Build Log</h1>
<h2>Tool Versions:</h2>
IDE-Version: ¦ÌVision V5.36.0.0
Copyright (C) 2021 ARM Ltd and ARM Germany GmbH. All rights reserved.
License Information: 1 Ash, 1, LIC=HN0AE-5XMA3-GK3BG-VUJ0J-X1RVJ-PKP66
 
Tool Versions:
Toolchain:       MDK-ARM Plus  Version: 5.36.0.0
Toolchain Path:  C:\Keil_v5\ARM\ARMCC\Bin
C Compiler:      Armcc.exe V5.06 update 7 (build 960)
Assembler:       Armasm.exe V5.06 update 7 (build 960)
Linker/Locator:  ArmLink.exe V5.06 update 7 (build 960)
Library Manager: ArmAr.exe V5.06 update 7 (build 960)
Hex Converter:   FromElf.exe V5.06 update 7 (build 960)
CPU DLL:         SARMCM3.DLL V5.36.0.0
Dialog DLL:      DCM.DLL V1.17.3.0
Target DLL:      Segger\JL2CM3.dll V2.99.40.0
Dialog DLL:      TCM.DLL V1.53.0.0
 
<h2>Project:</h2>
C:\Users\Ash\Desktop\key_led\Projects\MDK-ARM\atk_f103.uvprojx
Project File Date:  06/15/2026

<h2>Output:</h2>
*** Using Compiler 'V5.06 update 7 (build 960)', folder: 'C:\Keil_v5\ARM\ARMCC\Bin'
Rebuild target 'KEY'
assembling startup_stm32f103xe.s...
compiling delay.c...
compiling stm32f1xx_hal_dma.c...
compiling usart.c...
compiling stm32f1xx_hal_gpio.c...
compiling main.c...
..\..\User\main.c(28): warning:  #223-D: function "led_flow_init" declared implicitly
      led_flow_init();
..\..\User\main.c(33): warning:  #223-D: function "led_flow_task" declared implicitly
          led_flow_task();
..\..\User\main.c(35): warning:  #1-D: last line of file ends without a newline
  }
..\..\User\main.c(20): warning:  #177-D: variable "key"  was declared but never referenced
      uint8_t key;
..\..\User\main.c: 4 warnings, 0 errors
compiling system_stm32f1xx.c...
compiling stm32f1xx_hal.c...
compiling stm32f1xx_hal_rcc.c...
compiling stm32f1xx_it.c...
compiling stm32f1xx_hal_gpio_ex.c...
compiling stm32f1xx_hal_rcc_ex.c...
compiling sys.c...
compiling stm32f1xx_hal_cortex.c...
compiling stm32f1xx_hal_usart.c...
compiling stm32f1xx_hal_uart.c...
compiling led.c...
compiling key.c...
compiling exti.c...
..\..\APP\led_flow.h(21): warning:  #1-D: last line of file ends without a newline
  #endif
..\..\Drivers\BSP\EXTI\exti.c: 1 warning, 0 errors
compiling led_flow.c...
..\..\APP\led_flow.h(21): warning:  #1-D: last line of file ends without a newline
  #endif
..\..\APP\led_flow.c(58): warning:  #1-D: last line of file ends without a newline
  }
..\..\APP\led_flow.c: 2 warnings, 0 errors
linking...
Program Size: Code=5964 RO-data=360 RW-data=28 ZI-data=1916  
FromELF: creating hex file...
"..\..\Output\atk_f103.axf" - 0 Error(s), 7 Warning(s).

<h2>Software Packages used:</h2>

Package Vendor: Keil
                http://www.keil.com/pack/Keil.STM32F1xx_DFP.2.3.0.pack
                Keil.STM32F1xx_DFP.2.3.0
                STMicroelectronics STM32F1 Series Device Support, Drivers and Examples

<h2>Collection of Component include folders:</h2>
  C:\Packs\Keil\STM32F1xx_DFP\2.3.0\Device\Include

<h2>Collection of Component Files used:</h2>
Build Time Elapsed:  00:00:03
</pre>
</body>
</html>
